
  ══════════════════════════════════════════════════════════════════════
             🔬  WIRE SELECTION — Algorithm vs Neural Network            
                      Started: 2026-06-08  22:58:18                     
  ══════════════════════════════════════════════════════════════════════

  Загрузка CUTTING...
  Проводов: 575

  Загрузка фильтров операций...
  Итого операций: 183  (LP=83  LPFA=83  HV=17)

  Вычисление реального score для всех проводов...
  Score: min=32  max=89  mean=52.0  std=18.5

  Загрузка нейросети...
  NN выбрал: строка 87  (predicted=88.25  real=89)

  ══════════════════════════════════════════════════════════════════════
                        📊  АЛГОРИТМИЧЕСКИЙ АНАЛИЗ                       
  ══════════════════════════════════════════════════════════════════════

  Алгоритм               Строка  Score   LP  LPFA   HV    GCSP            Score / макс          
  ──────────────────────────────────────────────────────────────────────
  A1_MAX_SCORE               87     89   42    42    5    7.38  ██████████████████████████████  100.0%
  A2_MAX_SCORE_FAST          87     89   42    42    5    7.38  ██████████████████████████████  100.0%
  A3_MAX_LP                  87     89   42    42    5    7.38  ██████████████████████████████  100.0%
  A4_MAX_LPFA                87     89   42    42    5    7.38  ██████████████████████████████  100.0%
  A5_MAX_HV                 675     50   21    21    8    1.12  █████████████████░░░░░░░░░░░░░   56.2%
  A6_MIN_GCSP               623     81   38    38    5    0.61  ███████████████████████████░░░   91.0%
  A7_BALANCED               623     81   38    38    5    0.61  ███████████████████████████░░░   91.0%
  A8_WIDE_GAGE              676     87   41    41    5    3.34  █████████████████████████████░   97.8%

  ══════════════════════════════════════════════════════════════════════
                        🤖  НЕЙРОСЕТЬ vs АЛГОРИТМЫ                       
  ══════════════════════════════════════════════════════════════════════

  NN выбрал: строка 87  score=89  (predicted=88.25)
  MAE нейросети на всех проводах: 0.601

  Место NN-провода в рейтинге по реальному score: 1 из 575
  Score NN-провода: 89  / Оптимум: 89  → 100.0% от максимума
  Разрыв с оптимумом: 0 операций  (0.0% от всех операций)

  Алгоритм                Top1   Top5   Gap score  % от оптимума  NN rank
  ──────────────────────────────────────────────────────────────────────
  A1_MAX_SCORE             ✅      ✅            +0         100.0%  #    1
  A2_MAX_SCORE_FAST        ✅      ✅            +0         100.0%  #    1
  A3_MAX_LP                ✅      ❌            +0         100.0%  #   15
  A4_MAX_LPFA              ✅      ❌            +0         100.0%  #   15
  A5_MAX_HV                ❌      ❌           -39         178.0%  #   18
  A6_MIN_GCSP              ❌      ❌            -8         109.9%  #  371
  A7_BALANCED              ❌      ❌            -8         109.9%  #  228
  A8_WIDE_GAGE             ❌      ❌            -2         102.3%  #  157

  NN совпал с алгоритмом Top-1: 4/8  (50%)
  NN вошёл в Top-5 алгоритма:  2/8  (25%)

  ══════════════════════════════════════════════════════════════════════
                         🏆  ИТОГОВЫЙ ПРОВОД (NN)                        
  ══════════════════════════════════════════════════════════════════════
  Excel-строка          : 87
  Группа                : cut heavy gage cables
  Gage                  : [51.00 – 70.00]
  Length                : [60 – 100]
  GCSP                  : 7.3800  сек/шт

  Score (реальный)      : 89  из 183  (48.6%)
  % от оптимума         : 100.0%  (разрыв: 0 операций)
  Место в рейтинге      : #1 из 575

  Детализация по пространствам:
    LEAD PREP           :  42 / 83    ██████████░░░░░░░░░░   50.6%
    LEAD PREP FA        :  42 / 83    ██████████░░░░░░░░░░   50.6%
    High Voltage        :   5 / 17    ██████░░░░░░░░░░░░░░   29.4%

  Распределение score по всем 575 проводам:
    [   32–   38]:  108  ████░░░░░░░░░░░░░░░░
    [   38–   43]:   70  ██░░░░░░░░░░░░░░░░░░
    [   43–   49]:  216  ████████░░░░░░░░░░░░
    [   49–   55]:    2  ░░░░░░░░░░░░░░░░░░░░
    [   55–   60]:    0  ░░░░░░░░░░░░░░░░░░░░
    [   60–   66]:    0  ░░░░░░░░░░░░░░░░░░░░
    [   66–   72]:    0  ░░░░░░░░░░░░░░░░░░░░
    [   72–   78]:  112  ████░░░░░░░░░░░░░░░░
    [   78–   83]:   44  ██░░░░░░░░░░░░░░░░░░
    [   83–   89]:   23  █░░░░░░░░░░░░░░░░░░░ ← NN ← OPT

  Топ-10 проводов по реальному score:
    # Строка  Score   LP  LPFA   HV    GCSP       Gage        NN? 
  ──────────────────────────────────────────────────────────────────────
    1     87     89   42    42    5    7.38  [ 51.0– 70.0]  ← NN
    2     73     87   41    41    5    6.84  [ 36.0– 50.0]  
    3    101     87   42    42    3    9.60  [ 71.0–103.0]  
    4    533     87   41    41    5    1.27  [  4.5– 60.0]  
    5    676     87   41    41    5    3.34  [  6.1–103.0]  
    6     94     84   42    42    0   34.92  [ 51.0– 70.0]  
    7     92     84   42    42    0   27.12  [ 51.0– 70.0]  
    8     90     84   42    42    0   11.34  [ 51.0– 70.0]  
    9     96     84   42    42    0   43.55  [ 51.0– 70.0]  
   10    102     84   42    42    0    9.60  [ 71.0–103.0]  

  ══════════════════════════════════════════════════════════════════════
                                📋  ВЕРДИКТ                              
  ══════════════════════════════════════════════════════════════════════

  🟢 ОТЛИЧНО  — NN нашла абсолютный оптимум

  Score NN-провода:       89  из 183  (100.0% от оптимума)
  Алгоритмический опт.:   89  из 183  (строка 87)
  Место NN в рейтинге:   #1 из 575
  Потеря операций:       0 операций  (0.0% от всех)

  NN vs baseline (быстрейший провод):
    Baseline score: 81  (строка 623)
    NN score:       89
    Прирост NN:    +8 операций  (4.4% от всех)

  📁  Детальные данные → results\evaluation.csv
  ⏱  Время: 0.5 сек
  ══════════════════════════════════════════════════════════════════════
